[vedicastrology.wikidot.com/index.html]
[backblue.gif]
[fade.gif]
[index.html]
[d3g0gp89917ko0.cloudfront.net/v--291054f06006/common--javascript/init.combined.js]
[d3g0gp89917ko0.cloudfront.net/v--291054f06006/common--javascript/WIKIDOT.combined.js]
[d3g0gp89917ko0.cloudfront.net/v--291054f06006/common--theme/base/css/style.css]
[vedicastrology.wdfiles.com/local--theme/simple/style.css]
[vedicastrology.wikidot.com/local--favicon/favicon.gif]
[vedicastrology.wikidot.com/common--images/apple-touch-icon-57x57.png]
[vedicastrology.wikidot.com/common--images/apple-touch-icon-72x72.png]
[vedicastrology.wikidot.com/common--images/apple-touch-icon-114x114.png]
[vedicastrology.wikidot.com/onesignal/manifest.8.delayed]
[cdn.onesignal.com/sdks/OneSignalSDK.js]
[vedicastrology.wikidot.com/start.html]
[vedicastrology.wikidot.com/overview.html]
[vedicastrology.wikidot.com/planetary-traits-1.html]
[vedicastrology.wikidot.com/hindu-calendar.html]
[vedicastrology.wikidot.com/origin-and-meaning-of-horoscopic-houses.html]
[vedicastrology.wikidot.com/own-sign-exaltation-and-moola-trikona-of-nodes.html]
[vedicastrology.wikidot.com/friendships.html]
[vedicastrology.wikidot.com/how-to-make-correct-predictions.html]
[vedicastrology.wikidot.com/ayanamsha-vs-precession.html]
[vedicastrology.wikidot.com/bhaavachalita.html]
[vedicastrology.wikidot.com/udaya-asta-or-heliacal-risings-and-settings.html]
[vedicastrology.wikidot.com/origin-of-150-naadis.html]
[vedicastrology.wikidot.com/vimshottari-year-length.html]
[vedicastrology.wikidot.com/dashaa-level-nomenclature.html]
[vedicastrology.wikidot.com/sudarshana-chakra.html]
[vedicastrology.wikidot.com/arudha-pada-and-other-padas.html]
[vedicastrology.wikidot.com/ashtaka-varga.html]
[vedicastrology.wikidot.com/vipareet-raja-yoga.html]
[vedicastrology.wikidot.com/karakamsha.html]
[vedicastrology.wikidot.com/planetary-war.html]
[vedicastrology.wikidot.com/md-and-ad-results-laghu-parashari.html]
[vedicastrology.wikidot.com/strength-of-a-house.html]
[vedicastrology.wikidot.com/four-purusharthas-as-four-trikonas-in-horoscope.html]
[vedicastrology.wikidot.com/four-types-of-faiths-in-vedic-astrology.html]
[vedicastrology.wikidot.com/eight-gatis-or-speeds.html]
[vedicastrology.wikidot.com/main-strength-versus-shadbala.html]
[vedicastrology.wikidot.com/divisional-charts.html]
[vedicastrology.wikidot.com/non-luminous-upagrahas-and-gulika-or-mandi-etc.html]
[vedicastrology.wikidot.com/diabetes-or-madhumeha.html]
[vedicastrology.wikidot.com/shashtyamsha-deities.html]
[vedicastrology.wikidot.com/varga-categories-and-vargottama.html]
[vedicastrology.wikidot.com/effects-of-a-planet-in-antardashaa-of-relative-or-sadharmi.html]
[vedicastrology.wikidot.com/compatibility-or-melapaka.html]
[vedicastrology.wikidot.com/planetary-return-charts.html]
[vedicastrology.wikidot.com/rationale-behind-exaltations-of-planets.html]
[vedicastrology.wikidot.com/astrological-mathematics-of-menstrual-cycle.html]
[vedicastrology.wikidot.com/mean-versus-true-time-and-measure-of-day-or-ghati.html]
[vedicastrology.wikidot.com/weekday-sequence-indian-view.html]
[vedicastrology.wikidot.com/bhaavas-from-all-bhaavas.html]
[vedicastrology.wikidot.com/maangalika-dosha.html]
[vedicastrology.wikidot.com/bhrigu-bindu.html]
[vedicastrology.wikidot.com/sarvato-bhadra-chakra.html]
[vedicastrology.wikidot.com/vaar.html]
[vedicastrology.wikidot.com/donald-trump.html]
[vedicastrology.wikidot.com/rashtriya-svayamsevak-sangh.html]
[vedicastrology.wikidot.com/swami-ramakrishna-paramhamsa.html]
[vedicastrology.wikidot.com/indira-gandhi.html]
[vedicastrology.wikidot.com/aap_aam-adami-party.html]
[vedicastrology.wikidot.com/arvind-kejriwal.html]
[vedicastrology.wikidot.com/indira-gandhi-hindi.html]
[vedicastrology.wikidot.com/congress-vs-bjp-2014.html]
[vedicastrology.wikidot.com/swearing-in-muhurta-of-new-indian-govt-in-2014.html]
[vedicastrology.wikidot.com/narendra-modi.html]
[vedicastrology.wikidot.com/birth-chart-of-gopinath-munde.html]
[vedicastrology.wikidot.com/lord-rama.html]
[vedicastrology.wikidot.com/jayalalita.html]
[vedicastrology.wikidot.com/prediction-of-death.html]
[vedicastrology.wikidot.com/indo-pak-cricket-match-in-world-cup-14-feb-2015-adelaide.html]
[vedicastrology.wikidot.com/prophet-muhammad.html]
[vedicastrology.wikidot.com/david-cameron.html]
[vedicastrology.wikidot.com/nitish-kumar.html]
[vedicastrology.wikidot.com/amir-khan.html]
[vedicastrology.wikidot.com/ram-rahim.html]
[vedicastrology.wikidot.com/amitabh-bachchan-covid19.html]
[vedicastrology.wikidot.com/yogi-adityanath.html]
[vedicastrology.wikidot.com/gold-price-forecasting.html]
[vedicastrology.wikidot.com/silver-graph-1.html]
[vedicastrology.wikidot.com/forex-1.html]
[vedicastrology.wikidot.com/iron-price-forecasting.html]
[vedicastrology.wikidot.com/sensex-forecasting.html]
[vedicastrology.wikidot.com/sensex-vs-gold-comparison.html]
[vedicastrology.wikidot.com/general-principles.html]
[vedicastrology.wikidot.com/raaj-jyotisha.html]
[vedicastrology.wikidot.com/national-income.html]
[vedicastrology.wikidot.com/sapta-nadi-chakra.html]
[vedicastrology.wikidot.com/china-japan-war-1281-a-d.html]
[vedicastrology.wikidot.com/annual-rains-in-india.html]
[vedicastrology.wikidot.com/rain-forecast-for-2013-4.html]
[vedicastrology.wikidot.com/rain-charts-for-2014-5.html]
[vedicastrology.wikidot.com/weather-forecasting-temperature-c.html]
[vedicastrology.wikidot.com/invasion-of-india-battle-of-plassey.html]
[vedicastrology.wikidot.com/invasion-of-india-alexander.html]
[vedicastrology.wikidot.com/divya-maasa-phala-1999-2029-ad.html]
[vedicastrology.wikidot.com/divya-varsha-phala-1579-1939-ad.html]
[vedicastrology.wikidot.com/uttarakhand-cataclysm-mid-june-2013.html]
[vedicastrology.wikidot.com/world-rains-data-analysis-of-1956-7.html]
[vedicastrology.wikidot.com/eclipses.html]
[vedicastrology.wikidot.com/earthquake-of-nepal-25-apr-2015.html]
[vedicastrology.wikidot.com/terror-attack-on-uri-18-sep-2016.html]
[vedicastrology.wikidot.com/fani.html]
[vedicastrology.wikidot.com/creative-imagination.html]
[vedicastrology.wikidot.com/history-of-pi.html]
[vedicastrology.wikidot.com/links_pdf-files.html]
[vedicastrology.wikidot.com/vedic-linguistics.html]
[vedicastrology.wikidot.com/origin-of-tropicalism-in-western-astrology.html]
[vedicastrology.wikidot.com/modern-equations-on-ancient-principles.html]
[vedicastrology.wikidot.com/vedic-versus-western-astrology.html]
[vedicastrology.wikidot.com/dreams-and-moksha.html]
[vedicastrology.wikidot.com/indology.html]
[vedicastrology.wikidot.com/healthy-eating.html]
[vedicastrology.wikidot.com/ayurvedic-approach-to-know-your-nature.html]
[vedicastrology.wikidot.com/mockery-of-history_horoscope-of-lord-ram.html]
[vedicastrology.wikidot.com/non-astrological-essays.html]
[vedicastrology.wikidot.com/dr-lakshaman-jha-biography.html]
[vedicastrology.wikidot.com/links-to-books-on-hinduism.html]
[vedicastrology.wikidot.com/allopathy-vs-ayurveda.html]
[vedicastrology.wikidot.com/kundalee-software-download.html]
[vedicastrology.wikidot.com/kundalee-compare-software-download.html]
[vedicastrology.wikidot.com/bhaavaant-software-download.html]
[vedicastrology.wikidot.com/our-forum.html]
[vedicastrology.wikidot.com/graha-shanti-propitiation-of-planets.html]
[vedicastrology.wikidot.com/best-devanagari-font.html]
[vedicastrology.wikidot.com/mithilakshara-font.html]
[vedicastrology.wikidot.com/sort-program.html]
[vedicastrology.wikidot.com/maithil-brahmana.html]
[vedicastrology.wikidot.com/machine-learning-starter.html]
[vedicastrology.wikidot.com/gpu-neural-network-training.html]
[vedicastrology.wikidot.com/auto-m-l-model-search.html]
[vedicastrology.wikidot.com/neural-network-parameters-tuning.html]
[vedicastrology.wikidot.com/lstm-neural-network.html]
[vedicastrology.wikidot.com/web-scraping.html]
[vedicastrology.wikidot.com/email-to-vj.html]
[vedicastrology.wikidot.com/profile-of-vinay-jha.html]
[vedicastrology.wikidot.com/credentials.html]
[vedicastrology.wikidot.com/sitemap-search.html]
[vedicastrology.wikidot.com/software-download.87.delayed]
[pixel.quantserve.com/pixel/p-edL3gsnUjJzw-.gif]
[vedicastrology.wikidot.com/index.html]
[d3g0gp89917ko0.cloudfront.net/v--291054f06006/common--javascript/init.combined.js]
[cdn.mathjax.org/mathjax/2.1-latest/MathJaxa472.js]
[vedicastrology.wikidot.com/tex2jax-js.8b.delayed]
[vedicastrology.wikidot.com/mathmenu-js.8d.delayed]
[vedicastrology.wikidot.com/amsmath-js.8f.delayed]
[vedicastrology.wikidot.com/amssymbols-js.91.delayed]
[vedicastrology.wikidot.com/noundefined-js.93.delayed]
[vedicastrology.wikidot.com/boldsymbol-js.95.delayed]
[vedicastrology.wikidot.com/mathchoice-js.97.delayed]
[d3g0gp89917ko0.cloudfront.net/v--291054f06006/common--javascript/WIKIDOT.combined.js]
[vedicastrology.wikidot.com/quickmodule.json]
[d3g0gp89917ko0.cloudfront.net/v--291054f06006/common--theme/base/images/background/opacity2.png]
[d3g0gp89917ko0.cloudfront.net/v--291054f06006/common--theme/base/images/progress/progresscircle.gif]
[www.napyfab.com/ajax-indicators/images/indicator_medium.9b.delayed]
[d3g0gp89917ko0.cloudfront.net/v--291054f06006/common--theme/base/images/progress/progressbar.gif]
[d3g0gp89917ko0.cloudfront.net/v--291054f06006/common--javascript/yahooui/assets/sprite.png]
[d3g0gp89917ko0.cloudfront.net/v--291054f06006/common--theme/base/images/editor/icons1.png]
[d3g0gp89917ko0.cloudfront.net/v--291054f06006/common--theme/base/images/editor/icons3.png]
[d3g0gp89917ko0.cloudfront.net/v--291054f06006/common--theme/base/images/shade2_n.png]
[d3g0gp89917ko0.cloudfront.net/v--291054f06006/common--images/navibar/logo20.png]
[d3g0gp89917ko0.cloudfront.net/v--291054f06006/common--theme/base/images/cool-button-gradient.png]
[d3g0gp89917ko0.cloudfront.net/v--291054f06006/common--theme/base/css/style.css]
[vedicastrology.wdfiles.com/local--theme/simple/style.css]
[vedicastrology.wikidot.com/onesignal/manifest.html]
[vedicastrology.wikidot.com/start.html]
[vedicastrology.wikidot.com/overview.html]
[vedicastrology.wdfiles.com/local--files/hindu-calendar/SomaSiddhanta.jpg]
[vedicastrology.wdfiles.com/local--files/hindu-calendar/BrahmaSiddhanta-2.jpg]
[vedicastrology.wdfiles.com/local--files/hindu-calendar/BrahmaSiddhanta-1.jpg]
[vedicastrology.wdfiles.com/local--files/hindu-calendar/NaradaPurana-1.jpg]
[vedicastrology.wdfiles.com/local--files/hindu-calendar/NaradaPurana-2.jpg]
[vedicastrology.wdfiles.com/local--files/hindu-calendar/NabtaPlaya-Egypt.jpg]
[vedicastrology.wdfiles.com/local--files/hindu-calendar/Chart-Egypt.jpg]
[vedicastrology.wikidot.com/hindu-calendar.html]
[vedicastrology.wikidot.com/planetary-traits-1.html]
[vedicastrology.wdfiles.com/local--files/origin-and-meaning-of-horoscopic-houses/OriginOfBhaavas-1.jpg]
[vedicastrology.wdfiles.com/local--files/origin-and-meaning-of-horoscopic-houses/OriginOfBhaavas-2.jpg]
[vedicastrology.wdfiles.com/local--files/origin-and-meaning-of-horoscopic-houses/OriginOfBhaavas-3.jpg]
[vedicastrology.wikidot.com/origin-and-meaning-of-horoscopic-houses.html]
[vedicastrology.wikidot.com/own-sign-exaltation-and-moola-trikona-of-nodes.html]
[vedicastrology.wikidot.com/friendships.html]
[vedicastrology.wikidot.com/how-to-make-correct-predictions.html]
[vedicastrology.wdfiles.com/local--files/ayanamsha-vs-precession/Bhaskar.jpg]
[vedicastrology.wdfiles.com/local--files/ayanamsha-vs-precession/BrahmaSiddhanta-3.jpg]
[vedicastrology.wdfiles.com/local--files/ayanamsha-vs-precession/SomaSiddhanta-2.jpg]
[vedicastrology.wdfiles.com/local--files/ayanamsha-vs-precession/Libration_Christian.jpg]
[vedicastrology.wdfiles.com/local--files/ayanamsha-vs-precession/VayuPurana-1.jpg]
[vedicastrology.wdfiles.com/local--files/ayanamsha-vs-precession/VayuPurana-3.jpg]
[vedicastrology.wdfiles.com/local--files/ayanamsha-vs-precession/VayuPurana-2.jpg]
[vedicastrology.wdfiles.com/local--files/ayanamsha-vs-precession/VayuPurana-4.jpg]
[vedicastrology.wikidot.com/ayanamsha-vs-precession.html]
[vedicastrology.wdfiles.com/local--files/bhaavachalita/BPHS-Scan-1-SRJha.jpg]
[vedicastrology.wdfiles.com/local--files/bhaavachalita/BPHS-Scan-2-SRJha.jpg]
[vedicastrology.wdfiles.com/local--files/bhaavachalita/BPHS-Scan-7-Khemraj.jpg]
[vedicastrology.wdfiles.com/local--files/bhaavachalita/BPHS-Scan-3-DCJha.jpg]
[vedicastrology.wdfiles.com/local--files/bhaavachalita/BPHS-Scan-4-DCJha.jpg]
[vedicastrology.wdfiles.com/local--files/bhaavachalita/BPHS-Scan-5-DCJha.jpg]
[vedicastrology.wdfiles.com/local--files/bhaavachalita/BPHS-Scan-6-DCJha.jpg]
[vedicastrology.wdfiles.com/local--files/bhaavachalita/SSS-Dasham.jpg]
[vedicastrology.wikidot.com/bhaavachalita.html]
[vedicastrology.wikidot.com/udaya-asta-or-heliacal-risings-and-settings.html]
[vedicastrology.wdfiles.com/local--files/origin-of-150-naadis/OriginOfNaadis.jpg]
[vedicastrology.wikidot.com/origin-of-150-naadis.html]
[vedicastrology.wikidot.com/vimshottari-year-length.html]
[vedicastrology.wikidot.com/dashaa-level-nomenclature.html]
[vedicastrology.wikidot.com/sudarshana-chakra.html]
[vedicastrology.wikidot.com/arudha-pada-and-other-padas.html]
[vedicastrology.wikidot.com/ashtaka-varga.html]
[vedicastrology.wikidot.com/vipareet-raja-yoga.html]
[vedicastrology.wikidot.com/karakamsha.html]
[vedicastrology.wikidot.com/planetary-war.html]
[vedicastrology.wikidot.com/md-and-ad-results-laghu-parashari.html]
[vedicastrology.wikidot.com/strength-of-a-house.html]
[vedicastrology.wikidot.com/four-purusharthas-as-four-trikonas-in-horoscope.html]
[vedicastrology.wikidot.com/four-types-of-faiths-in-vedic-astrology.html]
[vedicastrology.wdfiles.com/local--files/eight-gatis-or-speeds/GatisEight.jpg]
[vedicastrology.wikidot.com/eight-gatis-or-speeds.html]
[vedicastrology.wikidot.com/main-strength-versus-shadbala.html]
[vedicastrology.wikidot.com/divisional-charts.html]
[vedicastrology.wikidot.com/non-luminous-upagrahas-and-gulika-or-mandi-etc.html]
[vedicastrology.wikidot.com/diabetes-or-madhumeha.html]
[vedicastrology.wikidot.com/shashtyamsha-deities.html]
[vedicastrology.wikidot.com/varga-categories-and-vargottama.html]
[vedicastrology.wikidot.com/effects-of-a-planet-in-antardashaa-of-relative-or-sadharmi.html]
[vedicastrology.wikidot.com/compatibility-or-melapaka.html]
[vedicastrology.wikidot.com/planetary-return-charts.html]
[vedicastrology.wikidot.com/rationale-behind-exaltations-of-planets.html]
[vedicastrology.wikidot.com/astrological-mathematics-of-menstrual-cycle.html]
[vedicastrology.wikidot.com/mean-versus-true-time-and-measure-of-day-or-ghati.html]
[vedicastrology.wdfiles.com/local--files/weekday-sequence-indian-view/WeekdaySequence.jpg]
[vedicastrology.wikidot.com/weekday-sequence-indian-view.html]
[vedicastrology.wikidot.com/bhaavas-from-all-bhaavas.html]
[vedicastrology.wikidot.com/maangalika-dosha.html]
[vedicastrology.wikidot.com/bhrigu-bindu.html]
[vedicastrology.wdfiles.com/local--files/sarvato-bhadra-chakra/sbc1.jpg]
[vedicastrology.wdfiles.com/local--files/sarvato-bhadra-chakra/sbc2.jpg]
[vedicastrology.wdfiles.com/local--files/sarvato-bhadra-chakra/sbc3.jpg]
[vedicastrology.wikidot.com/sarvato-bhadra-chakra.html]
[vedicastrology.wikidot.com/vaar.html]
[vedicastrology.wikidot.com/donald-trump.html]
[vedicastrology.wikidot.com/rashtriya-svayamsevak-sangh.html]
[vedicastrology.wikidot.com/swami-ramakrishna-paramhamsa.html]
[vedicastrology.wdfiles.com/local--files/indira-gandhi/IndiraGandhi_D1.jpg]
[vedicastrology.wdfiles.com/local--files/indira-gandhi/IndiraGandhi_D1_Death_MD_Onset.jpg]
[vedicastrology.wdfiles.com/local--files/indira-gandhi/IndiraGandhi_D30_Death_MD_Onset.jpg]
[vedicastrology.wdfiles.com/local--files/indira-gandhi/IndiraGandhi_D7.jpg]
[vedicastrology.wdfiles.com/local--files/indira-gandhi/IndiraGandhi_D7-SaturnMD-Onset.jpg]
[vedicastrology.wdfiles.com/local--files/indira-gandhi/IndiraGandhi-D10.jpg]
[vedicastrology.wdfiles.com/local--files/indira-gandhi/IndiraGandhi_D10_SaturnVimshottariDashaaPravesh.jpg]
[vedicastrology.wdfiles.com/local--files/indira-gandhi/IndiraGandhi_D24.jpg]
[vedicastrology.wikidot.com/indira-gandhi.html]
[vedicastrology.wdfiles.com/local--files/indira-gandhi-hindi/D-1.jpg]
[vedicastrology.wdfiles.com/local--files/indira-gandhi-hindi/IndiraGandhi_D1_Death_MD_Onset.html]
[vedicastrology.wdfiles.com/local--files/indira-gandhi-hindi/IndiraGandhi_D30_Death_MD_Onset.html]
[vedicastrology.wdfiles.com/local--files/indira-gandhi-hindi/IndiraGandhi_D7.html]
[vedicastrology.wdfiles.com/local--files/indira-gandhi-hindi/IndiraGandhi_D7-SaturnMD-Onset.html]
[vedicastrology.wdfiles.com/local--files/indira-gandhi-hindi/IndiraGandhi-D10.html]
[vedicastrology.wdfiles.com/local--files/indira-gandhi-hindi/IndiraGandhi_D10_SaturnVimshottariDashaaPravesh.html]
[vedicastrology.wdfiles.com/local--files/indira-gandhi-hindi/IndiraGandhi_D24.html]
[vedicastrology.wikidot.com/indira-gandhi-hindi.html]
[vedicastrology.wikidot.com/aap_aam-adami-party.html]
[vedicastrology.wikidot.com/arvind-kejriwal.html]
[vedicastrology.wdfiles.com/local--files/congress-vs-bjp-2014/CongBJP-AV.jpg]
[vedicastrology.wdfiles.com/local--files/congress-vs-bjp-2014/BJP-vs-Cong-2014.jpg]
[vedicastrology.wdfiles.com/local--files/congress-vs-bjp-2014/BJP-vs-AAP-2014.jpg]
[vedicastrology.wikidot.com/congress-vs-bjp-2014.html]
[vedicastrology.wikidot.com/swearing-in-muhurta-of-new-indian-govt-in-2014.html]
[vedicastrology.wdfiles.com/local--files/narendra-modi/Birthchart-D1.jpg]
[vedicastrology.wdfiles.com/local--files/narendra-modi/VPC-D1-2014.jpg]
[vedicastrology.wdfiles.com/local--files/narendra-modi/Deities.jpg]
[vedicastrology.wdfiles.com/local--files/narendra-modi/Bhavottam.jpg]
[vedicastrology.wdfiles.com/local--files/narendra-modi/Birthchart-D9.jpg]
[vedicastrology.wdfiles.com/local--files/narendra-modi/Birthchart-D10.jpg]
[vedicastrology.wikidot.com/narendra-modi.html]
[vedicastrology.wikidot.com/birth-chart-of-gopinath-munde.html]
[vedicastrology.wdfiles.com/local--files/lord-rama/RamHoroscope_Valmiki.jpg]
[vedicastrology.wikidot.com/lord-rama.html]
[vedicastrology.wikidot.com/jayalalita.html]
[vedicastrology.wikidot.com/prediction-of-death.html]
[vedicastrology.wikidot.com/indo-pak-cricket-match-in-world-cup-14-feb-2015-adelaide.html]
[vedicastrology.wikidot.com/prophet-muhammad.html]
[vedicastrology.wikidot.com/david-cameron.html]
[vedicastrology.wikidot.com/nitish-kumar.html]
[vedicastrology.wikidot.com/amir-khan.html]
[vedicastrology.wikidot.com/ram-rahim.html]
[vedicastrology.wikidot.com/amitabh-bachchan-covid19.html]
[vedicastrology.wikidot.com/yogi-adityanath.html]
[vedicastrology.wdfiles.com/local--files/gold-price-forecasting/Gold-1.jpg]
[vedicastrology.wdfiles.com/local--files/gold-price-forecasting/Gold-2.jpg]
[vedicastrology.wdfiles.com/local--files/gold-price-forecasting/Gold-1979-80.jpg]
[vedicastrology.wdfiles.com/local--files/gold-price-forecasting/Gold2012-20.jpg]
[vedicastrology.wdfiles.com/local--files/gold-price-forecasting/Chart2012-20.jpg]
[vedicastrology.wdfiles.com/local--files/gold-price-forecasting/Chart-D2-2012-20.jpg]
[vedicastrology.wikidot.com/gold-price-forecasting.html]
[vedicastrology.wdfiles.com/local--files/silver-graph-1/Silver-2012-11-29.jpg]
[vedicastrology.wdfiles.com/local--files/silver-graph-1/Silver-2012-11-29a.jpg]
[vedicastrology.wdfiles.com/local--files/silver-graph-1/Silver-2012-11-29b.jpg]
[vedicastrology.wikidot.com/silver-graph-1.html]
[vedicastrology.wdfiles.com/local--files/forex-1/Forex1.jpg]
[vedicastrology.wdfiles.com/local--files/forex-1/Forex_Oct2_to_Oct8_2013.jpg]
[vedicastrology.wdfiles.com/local--files/forex-1/Forex29Aug2013.jpg]
[vedicastrology.wdfiles.com/local--files/forex-1/Forex-Magha-2013.jpg]
[vedicastrology.wdfiles.com/local--files/forex-1/Forex-30Aug-29Sep-2013.jpg]
[vedicastrology.wdfiles.com/local--files/forex-1/Forex_Jul28_to_Oct30_2013.jpg]
[vedicastrology.wdfiles.com/local--files/forex-1/Exchange-Apr2014.jpg]
[vedicastrology.wikidot.com/forex-1.html]
[vedicastrology.wdfiles.com/local--files/iron-price-forecasting/IronOre10yr.jpg]
[vedicastrology.wikidot.com/iron-price-forecasting.html]
[vedicastrology.wdfiles.com/local--files/sensex-forecasting/16 Apr 2016 Sensex - B.jpg]
[vedicastrology.wdfiles.com/local--files/sensex-forecasting/16 Apr 2016 Sensex - A.jpg]
[vedicastrology.wikidot.com/sensex-forecasting.html]
[vedicastrology.wdfiles.com/local--files/sensex-vs-gold-comparison/Sensex-vs-Gold_2014-12_Meru.jpg]
[vedicastrology.wikidot.com/sensex-vs-gold-comparison.html]
[vedicastrology.wdfiles.com/local--files/raaj-jyotisha/08_582_BC_PrithviChakr.jpg]
[vedicastrology.wikidot.com/raaj-jyotisha.html]
[vedicastrology.wikidot.com/national-income.html]
[vedicastrology.wikidot.com/general-principles.html]
[vedicastrology.wikidot.com/sapta-nadi-chakra.html]
[vedicastrology.wikidot.com/china-japan-war-1281-a-d.html]
[vedicastrology.wikidot.com/annual-rains-in-india.html]
[vedicastrology.wdfiles.com/local--files/rain-forecast-for-2013-4/RainForecastJagran2013.jpg]
[vedicastrology.wdfiles.com/local--files/rain-forecast-for-2013-4/2013_01-Meru.jpg]
[vedicastrology.wdfiles.com/local--files/rain-forecast-for-2013-4/India-Vidisha-2013.jpg]
[vedicastrology.wikidot.com/rain-forecast-for-2013-4.html]
[vedicastrology.wdfiles.com/local--files/rain-charts-for-2014-5/MeruD1.jpg]
[vedicastrology.wikidot.com/rain-charts-for-2014-5.html]
[vedicastrology.wikidot.com/weather-forecasting-temperature-c.html]
[vedicastrology.wikidot.com/invasion-of-india-battle-of-plassey.html]
[vedicastrology.wikidot.com/invasion-of-india-alexander.html]
[vedicastrology.wdfiles.com/local--files/divya-varsha-phala-1579-1939-ad/World-1579.jpg]
[vedicastrology.wikidot.com/divya-varsha-phala-1579-1939-ad.html]
[vedicastrology.wikidot.com/divya-maasa-phala-1999-2029-ad.html]
[vedicastrology.wikidot.com/uttarakhand-cataclysm-mid-june-2013.html]
[vedicastrology.wdfiles.com/local--files/world-rains-data-analysis-of-1956-7/World-1956.jpg]
[vedicastrology.wdfiles.com/local--files/world-rains-data-analysis-of-1956-7/World-1956-D1.jpg]
[vedicastrology.wdfiles.com/local--files/world-rains-data-analysis-of-1956-7/World-1956-Bhavottam.jpg]
[vedicastrology.wdfiles.com/local--files/world-rains-data-analysis-of-1956-7/India-1956.jpg]
[vedicastrology.wikidot.com/world-rains-data-analysis-of-1956-7.html]
[vedicastrology.wdfiles.com/local--files/eclipses/EclipsesNonPartial_2000 BC_to_2013end.jpg]
[vedicastrology.wdfiles.com/local--files/eclipses/EclipsesNonPartial-Graph_2000 BC_to_2013end.jpg]
[vedicastrology.wdfiles.com/local--files/eclipses/EclipsesIndia_2000 BC_to_2013end.jpg]
[vedicastrology.wdfiles.com/local--files/eclipses/Eclipse-1914Aug21.jpg]
[vedicastrology.wikidot.com/eclipses.html]
[vedicastrology.wikidot.com/earthquake-of-nepal-25-apr-2015.html]
[vedicastrology.wdfiles.com/local--files/terror-attack-on-uri-18-sep-2016/Uri-1-Input.jpg]
[vedicastrology.wdfiles.com/local--files/terror-attack-on-uri-18-sep-2016/Uri-2-Input.html]
[vedicastrology.wdfiles.com/local--files/terror-attack-on-uri-18-sep-2016/Uri-3-Input.html]
[vedicastrology.wikidot.com/terror-attack-on-uri-18-sep-2016.html]
[vedicastrology.wikidot.com/fani.html]
[vedicastrology.wikidot.com/creative-imagination.html]
[vedicastrology.wikidot.com/history-of-pi.html]
[vedicastrology.wikidot.com/links_pdf-files.html]
[vedicastrology.wdfiles.com/local--files/vedic-linguistics/VowelsPIE.gif]
[vedicastrology.wikidot.com/vedic-linguistics.html]
[vedicastrology.wikidot.com/modern-equations-on-ancient-principles.html]
[vedicastrology.wikidot.com/origin-of-tropicalism-in-western-astrology.html]
[vedicastrology.wikidot.com/dreams-and-moksha.html]
[vedicastrology.wikidot.com/vedic-versus-western-astrology.html]
[vedicastrology.wikidot.com/non-astrological-essays.html]
[vedicastrology.wikidot.com/indology.html]
[vedicastrology.wikidot.com/ayurvedic-approach-to-know-your-nature.html]
[vedicastrology.wikidot.com/healthy-eating.html]
[vedicastrology.wikidot.com/mockery-of-history_horoscope-of-lord-ram.html]
[vedicastrology.wikidot.com/dr-lakshaman-jha-biography.html]
[vedicastrology.wikidot.com/links-to-books-on-hinduism.html]
[vedicastrology.wikidot.com/allopathy-vs-ayurveda.html]
[vedicastrology.wdfiles.com/local--files/kundalee-software-download/MapsLink.html]
[vedicastrology.wikidot.com/kundalee-software-download.html]
[vedicastrology.wikidot.com/kundalee-compare-software-download.html]
[vedicastrology.wikidot.com/bhaavaant-software-download.html]
[vedicastrology.wikidot.com/our-forum.html]
[vedicastrology.wdfiles.com/local--files/graha-shanti-propitiation-of-planets/Remedies-1.jpg]
[vedicastrology.wdfiles.com/local--files/graha-shanti-propitiation-of-planets/Remedies-2.jpg]
[vedicastrology.wdfiles.com/local--files/graha-shanti-propitiation-of-planets/Remedies-3.jpg]
[vedicastrology.wdfiles.com/local--files/graha-shanti-propitiation-of-planets/Remedies-4.jpg]
[vedicastrology.wdfiles.com/local--files/graha-shanti-propitiation-of-planets/Remedies-5.jpg]
[vedicastrology.wdfiles.com/local--files/graha-shanti-propitiation-of-planets/Remedies-6.jpg]
[vedicastrology.wdfiles.com/local--files/graha-shanti-propitiation-of-planets/Remedies-7.jpg]
[vedicastrology.wdfiles.com/local--files/graha-shanti-propitiation-of-planets/Remedies-8.jpg]
[vedicastrology.wdfiles.com/local--files/graha-shanti-propitiation-of-planets/Remedies-9.jpg]
[vedicastrology.wikidot.com/graha-shanti-propitiation-of-planets.html]
[vedicastrology.wikidot.com/best-devanagari-font.html]
[vedicastrology.wikidot.com/mithilakshara-font.html]
[vedicastrology.wikidot.com/sort-program.html]
[vedicastrology.wikidot.com/maithil-brahmana.html]
[vedicastrology.wdfiles.com/local--files/machine-learning-starter/1.jpg]
[vedicastrology.wdfiles.com/local--files/machine-learning-starter/2.jpg]
[vedicastrology.wdfiles.com/local--files/machine-learning-starter/3.jpg]
[vedicastrology.wdfiles.com/local--files/machine-learning-starter/4.jpg]
[vedicastrology.wdfiles.com/local--files/machine-learning-starter/5.jpg]
[vedicastrology.wikidot.com/machine-learning-starter.html]
[vedicastrology.wdfiles.com/local--files/gpu-neural-network-training/1.jpg]
[vedicastrology.wdfiles.com/local--files/gpu-neural-network-training/2.jpg]
[vedicastrology.wdfiles.com/local--files/gpu-neural-network-training/3.jpg]
[vedicastrology.wikidot.com/gpu-neural-network-training.html]
[vedicastrology.wdfiles.com/local--files/neural-network-parameters-tuning/GPU.jpg]
[vedicastrology.wikidot.com/neural-network-parameters-tuning.html]
[vedicastrology.wikidot.com/auto-m-l-model-search.html]
[vedicastrology.wdfiles.com/local--files/lstm-neural-network/RIL.jpg]
[vedicastrology.wikidot.com/lstm-neural-network.html]
[vedicastrology.wdfiles.com/local--files/web-scraping/CSS.jpg]
[vedicastrology.wikidot.com/web-scraping.html]
[vedicastrology.wikidot.com/email-to-vj.html]
[vedicastrology.wikidot.com/profile-of-vinay-jha.html]
[vedicastrology.wdfiles.com/local--files/credentials/2_EmailNASA.jpg]
[vedicastrology.wdfiles.com/local--files/credentials/RoyalSociety.jpg]
[vedicastrology.wdfiles.com/local--files/credentials/CAOS.jpg]
[vedicastrology.wdfiles.com/local--files/credentials/KashiNews1.gif]
[vedicastrology.wdfiles.com/local--files/credentials/KashiNews2.gif]
[vedicastrology.wdfiles.com/local--files/credentials/KashiNews3.gif]
[vedicastrology.wdfiles.com/local--files/credentials/1_VC_order3.gif]
[vedicastrology.wdfiles.com/local--files/credentials/HC-Order.gif]
[vedicastrology.wikidot.com/credentials.html]
[vedicastrology.wikidot.com/system_list-all-pages.html]
[vedicastrology.wikidot.com/search_site.html]
[vedicastrology.wikidot.com/sitemap-search.html]
[vedicastrology.wikidot.com/software-download.html]
[vedicastrology.wikidot.com/tex2jax-js.html]
[vedicastrology.wikidot.com/mathmenu-js.html]
[vedicastrology.wikidot.com/amsmath-js.html]
[vedicastrology.wikidot.com/amssymbols-js.html]
[vedicastrology.wikidot.com/noundefined-js.html]
[vedicastrology.wikidot.com/boldsymbol-js.html]
[vedicastrology.wikidot.com/mathchoice-js.html]
[www.napyfab.com/ajax-indicators/images/indicator_medium.html]
[vedicastrology.wdfiles.com/local--files/origin-of-150-naadis/OriginOfNaadis.jpg]
[vedicastrology.wdfiles.com/local--files/sarvato-bhadra-chakra/sbc3.jpg]
[vedicastrology.wdfiles.com/local--files/indira-gandhi-hindi/IndiraGandhi_D1_Death_MD_Onset.html]
[vedicastrology.wdfiles.com/local--files/indira-gandhi-hindi/IndiraGandhi_D30_Death_MD_Onset.html]
[vedicastrology.wdfiles.com/local--files/indira-gandhi-hindi/IndiraGandhi_D7.html]
[vedicastrology.wdfiles.com/local--files/indira-gandhi-hindi/IndiraGandhi_D7-SaturnMD-Onset.html]
[vedicastrology.wdfiles.com/local--files/indira-gandhi-hindi/IndiraGandhi-D10.html]
[vedicastrology.wdfiles.com/local--files/indira-gandhi-hindi/IndiraGandhi_D10_SaturnVimshottariDashaaPravesh.html]
[vedicastrology.wdfiles.com/local--files/indira-gandhi-hindi/IndiraGandhi_D24.html]
[vedicastrology.wdfiles.com/local--files/terror-attack-on-uri-18-sep-2016/Uri-2-Input.html]
[vedicastrology.wdfiles.com/local--files/terror-attack-on-uri-18-sep-2016/Uri-3-Input.html]
[vedicastrology.wdfiles.com/local--files/kundalee-software-download/MapsLink.html]
[d3g0gp89917ko0.cloudfront.net/v--291054f06006/common--modules/css/list/WikiPagesModule.css]
[vedicastrology.wikidot.com/nav_top.html]
[vedicastrology.wikidot.com/system_list-all-pages/p/2.html]
[vedicastrology.wikidot.com/system_list-all-pages/p/3.html]
[vedicastrology.wikidot.com/system_list-all-pages/p/6.html]
[vedicastrology.wikidot.com/system_list-all-pages.html]
[vedicastrology.wikidot.com/search_site.html]
[d3g0gp89917ko0.cloudfront.net/v--291054f06006/common--modules/css/list/WikiPagesModule.css]
[vedicastrology.wikidot.com/nav_top.html]
[vedicastrology.wikidot.com/system_list-all-pages/p/7.html]
[vedicastrology.wikidot.com/contact.html]
[vedicastrology.wikidot.com/system_list-all-pages/p/1.html]
[vedicastrology.wikidot.com/system_list-all-pages/p/4.html]
[vedicastrology.wikidot.com/system_list-all-pages/p/2.html]
[vedicastrology.wikidot.com/system_list-all-pages/p/5.html]
[vedicastrology.wikidot.com/gold-graph-2011-2.html]
[vedicastrology.wikidot.com/system_list-all-pages/p/3.html]
[vedicastrology.wikidot.com/how-to-edit-pages.html]
[vedicastrology.wikidot.com/system_recent-changes.html]
[vedicastrology.wikidot.com/nav_side.html]
[vedicastrology.wikidot.com/system_list-all-pages/p/6.html]
[vedicastrology.wikidot.com/system_list-all-pages/p/7.html]
[vedicastrology.wikidot.com/contact.html]
[vedicastrology.wikidot.com/system_list-all-pages/p/1.html]
[vedicastrology.wikidot.com/system_members.html]
[vedicastrology.wikidot.com/system_list-all-pages/p/4.html]
[vedicastrology.wikidot.com/_admin.html]
[vedicastrology.wikidot.com/newpage.html]
[vedicastrology.wikidot.com/system_page-tags-list.html]
[vedicastrology.wikidot.com/system_page-tags.html]
[vedicastrology.wikidot.com/system_list-all-pages/p/5.html]
[vedicastrology.wikidot.com/physical-astronomy-and-surya-siddhanta.html]
[vedicastrology.wdfiles.com/local--files/gold-graph-2011-2/Gold-1.jpg]
[vedicastrology.wdfiles.com/local--files/gold-graph-2011-2/Gold-2.jpg]
[vedicastrology.wdfiles.com/local--files/gold-graph-2011-2/Gold-1979-80.jpg]
[vedicastrology.wikidot.com/gold-graph-2011-2.html]
[vedicastrology.wikidot.com/link-to-a-page.167.delayed]
[vedicastrology.wikidot.com/how-to-edit-pages.html]
[d3g0gp89917ko0.cloudfront.net/v--291054f06006/common--modules/css/changes/SiteChangesModule.css]
[d3g0gp89917ko0.cloudfront.net/v--291054f06006/common--modules/js/changes/SiteChangesModule.js]
[vedicastrology.wikidot.com/system_recent-changes.html]
[vedicastrology.wikidot.com/nav_side.html]
[vedicastrology.wikidot.com/system_members.html]
[d3g0gp89917ko0.cloudfront.net/v--291054f06006/common--javascript/bootstrap.min.js]
[d3g0gp89917ko0.cloudfront.net/v--291054f06006/common--javascript/bootstrap-filestyle.min.js]
[vedicastrology.wikidot.com/feed/site-changes.xml]
[d3g0gp89917ko0.cloudfront.net/v--291054f06006/common--theme/bootstrap.css]
[d3g0gp89917ko0.cloudfront.net/v--291054f06006/common--theme/bootstrap-responsive.css]
[d3g0gp89917ko0.cloudfront.net/v--291054f06006/common--theme/animate.css]
[d3g0gp89917ko0.cloudfront.net/v--291054f06006/common--theme/bootstrap-base/css/style.css]
[d3g0gp89917ko0.cloudfront.net/v--291054f06006/common--modules/css/managesite/ManageSiteModule.css]
[d3g0gp89917ko0.cloudfront.net/v--291054f06006/common--modules/css/monetize/textlinkads/MonetizeTextLinkAdsModule.css]
[d3g0gp89917ko0.cloudfront.net/v--291054f06006/common--fonts/awesome/3.2.1/font-awesome.min.css]
[vedicastrology.wikidot.com/common--images/apple-touch-icon-57x57.174.delayed]
[vedicastrology.wikidot.com/common--images/top-bar-logo.png]
[vedicastrology.wikidot.com/common--images/404_homer.png]
[d3g0gp89917ko0.cloudfront.net/v--291054f06006/common--modules/js/managesite/ManageSiteModule.js]
[vedicastrology.wikidot.com/_admin.html]
[d3g0gp89917ko0.cloudfront.net/v--291054f06006/common--modules/css/wiki/pagestagcloud/PagesTagCloudModule.css]
[d3g0gp89917ko0.cloudfront.net/v--291054f06006/common--modules/js/misc/NewPageHelperModule.js]
[vedicastrology.wikidot.com/system_page-tags/tag/astrology.html]
[vedicastrology.wikidot.com/system_page-tags/tag/free.html]
[vedicastrology.wikidot.com/system_page-tags/tag/horoscope.html]
[vedicastrology.wikidot.com/system_page-tags/tag/jyotish.html]
[vedicastrology.wikidot.com/system_page-tags/tag/software.html]
[vedicastrology.wikidot.com/newpage.html]
[vedicastrology.wikidot.com/system_page-tags-list.html]
[vedicastrology.wikidot.com/system_page-tags.html]
[vedicastrology.wikidot.com/physical-astronomy-and-surya-siddhanta.html]
[vedicastrology.wikidot.com/system_page-tags/tag/vedic.html]
[vedicastrology.wikidot.com/link-to-a-page.html]
[d3g0gp89917ko0.cloudfront.net/v--291054f06006/common--modules/css/changes/SiteChangesModule.css]
[d3g0gp89917ko0.cloudfront.net/v--291054f06006/common--modules/js/changes/SiteChangesModule.js]
[d3g0gp89917ko0.cloudfront.net/v--291054f06006/common--javascript/bootstrap.min.js]
[d3g0gp89917ko0.cloudfront.net/v--291054f06006/common--javascript/bootstrap-filestyle.min.js]
[d3g0gp89917ko0.cloudfront.net/v--291054f06006/common--theme/bootstrap.css]
[d3g0gp89917ko0.cloudfront.net/v--291054f06006/common--theme/bootstrap-responsive.css]
[d3g0gp89917ko0.cloudfront.net/v--291054f06006/common--theme/animate.css]
[d3g0gp89917ko0.cloudfront.net/v--291054f06006/common--theme/bootstrap-base/images/editor/icons1.png]
[d3g0gp89917ko0.cloudfront.net/v--291054f06006/common--theme/bootstrap-base/images/editor/icons3.png]
[d3g0gp89917ko0.cloudfront.net/v--291054f06006/common--theme/bootstrap-base/images/progress/progressbar.gif]
[d3g0gp89917ko0.cloudfront.net/v--291054f06006/common--theme/bootstrap-base/css/style.css]
[d3g0gp89917ko0.cloudfront.net/v--291054f06006/common--modules/css/managesite/ManageSiteModule.css]
[d3g0gp89917ko0.cloudfront.net/v--291054f06006/common--modules/css/monetize/textlinkads/MonetizeTextLinkAdsModule.css]
[d3g0gp89917ko0.cloudfront.net/v--291054f06006/common--fonts/awesome/3.2.1/font-awesome.min.css]
[vedicastrology.wikidot.com/common--images/apple-touch-icon-57x57.html]
[d3g0gp89917ko0.cloudfront.net/v--291054f06006/common--modules/js/managesite/ManageSiteModule.js]
[d3g0gp89917ko0.cloudfront.net/v--291054f06006/common--modules/css/wiki/pagestagcloud/PagesTagCloudModule.css]
[d3g0gp89917ko0.cloudfront.net/v--291054f06006/common--modules/js/misc/NewPageHelperModule.js]
[vedicastrology.wikidot.com/system_page-tags/tag/astrology.html]
[vedicastrology.wikidot.com/system_page-tags/tag/free.html]
[vedicastrology.wikidot.com/system_page-tags/tag/horoscope.html]
[vedicastrology.wikidot.com/system_page-tags/tag/jyotish.html]
[vedicastrology.wikidot.com/system_page-tags/tag/software.html]
[vedicastrology.wikidot.com/system_page-tags/tag/vedic.html]
[d3g0gp89917ko0.cloudfront.net/common--images/glyphicons-halflings.png]
[d3g0gp89917ko0.cloudfront.net/common--images/glyphicons-halflings-white.png]
